[2020-09-09T09:03:46.208+0000][0.004s] Heap region size: 1M
[2020-09-09T09:03:46.219+0000][0.015s] Using G1
[2020-09-09T09:03:46.219+0000][0.015s] Heap address: 0x00000000e0000000, size: 512 MB, Compressed Oops mode: 32-bit
[2020-09-09T09:03:47.020+0000][0.817s] GC(0) Pause Young (Normal) (G1 Evacuation Pause)
[2020-09-09T09:03:47.021+0000][0.817s] GC(0) Using 2 workers of 2 for evacuation
[2020-09-09T09:03:47.026+0000][0.822s] GC(0)   Pre Evacuate Collection Set: 0.0ms
[2020-09-09T09:03:47.026+0000][0.822s] GC(0)   Evacuate Collection Set: 4.7ms
[2020-09-09T09:03:47.026+0000][0.822s] GC(0)   Post Evacuate Collection Set: 0.6ms
[2020-09-09T09:03:47.026+0000][0.822s] GC(0)   Other: 0.3ms
[2020-09-09T09:03:47.026+0000][0.822s] GC(0) Eden regions: 25->0(22)
[2020-09-09T09:03:47.026+0000][0.822s] GC(0) Survivor regions: 0->3(4)
[2020-09-09T09:03:47.026+0000][0.822s] GC(0) Old regions: 0->0
[2020-09-09T09:03:47.026+0000][0.822s] GC(0) Humongous regions: 0->0
[2020-09-09T09:03:47.026+0000][0.822s] GC(0) Metaspace: 11182K->11182K(1058816K)
[2020-09-09T09:03:47.026+0000][0.822s] GC(0) Pause Young (Normal) (G1 Evacuation Pause) 25M->2M(512M) 5.659ms
[2020-09-09T09:03:47.026+0000][0.822s] GC(0) User=0.01s Sys=0.00s Real=0.01s
[2020-09-09T09:03:47.326+0000][1.122s] GC(1) Pause Young (Normal) (G1 Evacuation Pause)
[2020-09-09T09:03:47.326+0000][1.122s] GC(1) Using 2 workers of 2 for evacuation
[2020-09-09T09:03:47.332+0000][1.128s] GC(1)   Pre Evacuate Collection Set: 0.0ms
[2020-09-09T09:03:47.332+0000][1.128s] GC(1)   Evacuate Collection Set: 4.5ms
[2020-09-09T09:03:47.332+0000][1.128s] GC(1)   Post Evacuate Collection Set: 0.9ms
[2020-09-09T09:03:47.332+0000][1.128s] GC(1)   Other: 0.1ms
[2020-09-09T09:03:47.332+0000][1.128s] GC(1) Eden regions: 22->0(33)
[2020-09-09T09:03:47.332+0000][1.128s] GC(1) Survivor regions: 3->2(4)
[2020-09-09T09:03:47.332+0000][1.128s] GC(1) Old regions: 0->3
[2020-09-09T09:03:47.332+0000][1.128s] GC(1) Humongous regions: 0->0
[2020-09-09T09:03:47.332+0000][1.128s] GC(1) Metaspace: 14741K->14741K(1062912K)
[2020-09-09T09:03:47.332+0000][1.128s] GC(1) Pause Young (Normal) (G1 Evacuation Pause) 24M->4M(512M) 5.641ms
[2020-09-09T09:03:47.332+0000][1.128s] GC(1) User=0.01s Sys=0.00s Real=0.00s
[2020-09-09T09:03:47.799+0000][1.595s] GC(2) Pause Young (Normal) (G1 Evacuation Pause)
[2020-09-09T09:03:47.799+0000][1.595s] GC(2) Using 2 workers of 2 for evacuation
[2020-09-09T09:03:47.820+0000][1.616s] GC(2)   Pre Evacuate Collection Set: 0.0ms
[2020-09-09T09:03:47.820+0000][1.616s] GC(2)   Evacuate Collection Set: 19.3ms
[2020-09-09T09:03:47.820+0000][1.616s] GC(2)   Post Evacuate Collection Set: 1.1ms
[2020-09-09T09:03:47.820+0000][1.616s] GC(2)   Other: 0.1ms
[2020-09-09T09:03:47.820+0000][1.616s] GC(2) Eden regions: 23->0(35)
[2020-09-09T09:03:47.820+0000][1.616s] GC(2) Survivor regions: 2->4(4)
[2020-09-09T09:03:47.820+0000][1.616s] GC(2) Old regions: 3->8
[2020-09-09T09:03:47.820+0000][1.616s] GC(2) Humongous regions: 4->4
[2020-09-09T09:03:47.820+0000][1.616s] GC(2) Metaspace: 20085K->20085K(1067008K)
[2020-09-09T09:03:47.820+0000][1.616s] GC(2) Pause Young (Normal) (G1 Evacuation Pause) 31M->15M(512M) 20.638ms
[2020-09-09T09:03:47.820+0000][1.616s] GC(2) User=0.04s Sys=0.00s Real=0.02s
[2020-09-09T09:03:47.890+0000][1.687s] GC(3) Pause Young (Concurrent Start) (Metadata GC Threshold)
[2020-09-09T09:03:47.890+0000][1.687s] GC(3) Using 2 workers of 2 for evacuation
[2020-09-09T09:03:47.896+0000][1.692s] GC(3)   Pre Evacuate Collection Set: 0.0ms
[2020-09-09T09:03:47.896+0000][1.692s] GC(3)   Evacuate Collection Set: 5.4ms
[2020-09-09T09:03:47.896+0000][1.692s] GC(3)   Post Evacuate Collection Set: 0.3ms
[2020-09-09T09:03:47.896+0000][1.692s] GC(3)   Other: 0.1ms
[2020-09-09T09:03:47.896+0000][1.692s] GC(3) Eden regions: 3->0(26)
[2020-09-09T09:03:47.896+0000][1.692s] GC(3) Survivor regions: 4->1(5)
[2020-09-09T09:03:47.896+0000][1.692s] GC(3) Old regions: 8->13
[2020-09-09T09:03:47.896+0000][1.692s] GC(3) Humongous regions: 4->4
[2020-09-09T09:03:47.896+0000][1.692s] GC(3) Metaspace: 20625K->20625K(1069056K)
[2020-09-09T09:03:47.896+0000][1.692s] GC(3) Pause Young (Concurrent Start) (Metadata GC Threshold) 18M->16M(512M) 5.971ms
[2020-09-09T09:03:47.896+0000][1.692s] GC(3) User=0.01s Sys=0.00s Real=0.01s
[2020-09-09T09:03:47.896+0000][1.693s] GC(4) Concurrent Cycle
[2020-09-09T09:03:47.896+0000][1.693s] GC(4) Concurrent Clear Claimed Marks
[2020-09-09T09:03:47.897+0000][1.693s] GC(4) Concurrent Clear Claimed Marks 0.064ms
[2020-09-09T09:03:47.897+0000][1.693s] GC(4) Concurrent Scan Root Regions
[2020-09-09T09:03:47.897+0000][1.693s] GC(4) Concurrent Scan Root Regions 0.255ms
[2020-09-09T09:03:47.897+0000][1.693s] GC(4) Concurrent Mark (1.693s)
[2020-09-09T09:03:47.897+0000][1.693s] GC(4) Concurrent Mark From Roots
[2020-09-09T09:03:47.897+0000][1.693s] GC(4) Using 1 workers of 1 for marking
[2020-09-09T09:03:47.926+0000][1.722s] GC(4) Concurrent Mark From Roots 28.800ms
[2020-09-09T09:03:47.926+0000][1.722s] GC(4) Concurrent Preclean
[2020-09-09T09:03:47.926+0000][1.722s] GC(4) Concurrent Preclean 0.061ms
[2020-09-09T09:03:47.926+0000][1.722s] GC(4) Concurrent Mark (1.693s, 1.722s) 28.911ms
[2020-09-09T09:03:47.926+0000][1.722s] GC(4) Pause Remark
[2020-09-09T09:03:47.927+0000][1.723s] GC(4) Cleaned string and symbol table, strings: 10616 processed, 2 removed, symbols: 64472 processed, 25 removed
[2020-09-09T09:03:47.928+0000][1.724s] GC(4) Pause Remark 17M->17M(512M) 1.824ms
[2020-09-09T09:03:47.928+0000][1.724s] GC(4) User=0.00s Sys=0.00s Real=0.00s
[2020-09-09T09:03:47.928+0000][1.724s] GC(4) Concurrent Rebuild Remembered Sets
[2020-09-09T09:03:47.941+0000][1.737s] GC(4) Concurrent Rebuild Remembered Sets 13.076ms
[2020-09-09T09:03:47.942+0000][1.738s] GC(4) Pause Cleanup
[2020-09-09T09:03:47.942+0000][1.738s] GC(4) Pause Cleanup 17M->17M(512M) 0.149ms
[2020-09-09T09:03:47.942+0000][1.738s] GC(4) User=0.00s Sys=0.00s Real=0.00s
[2020-09-09T09:03:47.942+0000][1.738s] GC(4) Concurrent Cleanup for Next Mark
[2020-09-09T09:03:47.943+0000][1.739s] GC(4) Concurrent Cleanup for Next Mark 0.847ms
[2020-09-09T09:03:47.943+0000][1.739s] GC(4) Concurrent Cycle 46.209ms
[2020-09-09T09:03:48.335+0000][2.131s] GC(5) Pause Young (Normal) (G1 Evacuation Pause)
[2020-09-09T09:03:48.335+0000][2.131s] GC(5) Using 2 workers of 2 for evacuation
[2020-09-09T09:03:48.339+0000][2.135s] GC(5)   Pre Evacuate Collection Set: 0.0ms
[2020-09-09T09:03:48.339+0000][2.135s] GC(5)   Evacuate Collection Set: 3.8ms
[2020-09-09T09:03:48.339+0000][2.135s] GC(5)   Post Evacuate Collection Set: 0.3ms
[2020-09-09T09:03:48.339+0000][2.135s] GC(5)   Other: 0.1ms
[2020-09-09T09:03:48.339+0000][2.135s] GC(5) Eden regions: 26->0(64)
[2020-09-09T09:03:48.339+0000][2.135s] GC(5) Survivor regions: 1->4(4)
[2020-09-09T09:03:48.339+0000][2.135s] GC(5) Old regions: 13->16
[2020-09-09T09:03:48.339+0000][2.135s] GC(5) Humongous regions: 4->4
[2020-09-09T09:03:48.339+0000][2.135s] GC(5) Metaspace: 22847K->22847K(1071104K)
[2020-09-09T09:03:48.339+0000][2.135s] GC(5) Pause Young (Normal) (G1 Evacuation Pause) 42M->23M(512M) 4.374ms
[2020-09-09T09:03:48.339+0000][2.135s] GC(5) User=0.01s Sys=0.00s Real=0.00s
[2020-09-09T09:03:49.465+0000][3.261s] GC(6) Pause Young (Normal) (G1 Evacuation Pause)
[2020-09-09T09:03:49.465+0000][3.261s] GC(6) Using 2 workers of 2 for evacuation
[2020-09-09T09:03:49.470+0000][3.266s] GC(6)   Pre Evacuate Collection Set: 0.0ms
[2020-09-09T09:03:49.470+0000][3.266s] GC(6)   Evacuate Collection Set: 3.9ms
[2020-09-09T09:03:49.470+0000][3.266s] GC(6)   Post Evacuate Collection Set: 0.2ms
[2020-09-09T09:03:49.470+0000][3.266s] GC(6)   Other: 0.1ms
[2020-09-09T09:03:49.470+0000][3.266s] GC(6) Eden regions: 64->0(78)
[2020-09-09T09:03:49.470+0000][3.266s] GC(6) Survivor regions: 4->6(9)
[2020-09-09T09:03:49.470+0000][3.266s] GC(6) Old regions: 16->16
[2020-09-09T09:03:49.470+0000][3.266s] GC(6) Humongous regions: 4->4
[2020-09-09T09:03:49.470+0000][3.266s] GC(6) Metaspace: 31097K->31097K(1077248K)
[2020-09-09T09:03:49.470+0000][3.266s] GC(6) Pause Young (Normal) (G1 Evacuation Pause) 87M->25M(512M) 4.369ms
[2020-09-09T09:03:49.470+0000][3.266s] GC(6) User=0.01s Sys=0.00s Real=0.00s
[2020-09-09T09:03:49.947+0000][3.743s] GC(7) Pause Young (Concurrent Start) (Metadata GC Threshold)
[2020-09-09T09:03:49.947+0000][3.743s] GC(7) Using 2 workers of 2 for evacuation
[2020-09-09T09:03:49.954+0000][3.750s] GC(7)   Pre Evacuate Collection Set: 0.1ms
[2020-09-09T09:03:49.954+0000][3.750s] GC(7)   Evacuate Collection Set: 5.6ms
[2020-09-09T09:03:49.954+0000][3.750s] GC(7)   Post Evacuate Collection Set: 1.4ms
[2020-09-09T09:03:49.954+0000][3.750s] GC(7)   Other: 0.1ms
[2020-09-09T09:03:49.954+0000][3.750s] GC(7) Eden regions: 19->0(76)
[2020-09-09T09:03:49.954+0000][3.750s] GC(7) Survivor regions: 6->8(11)
[2020-09-09T09:03:49.954+0000][3.750s] GC(7) Old regions: 16->16
[2020-09-09T09:03:49.954+0000][3.750s] GC(7) Humongous regions: 4->4
[2020-09-09T09:03:49.954+0000][3.750s] GC(7) Metaspace: 34845K->34845K(1081344K)
[2020-09-09T09:03:49.954+0000][3.750s] GC(7) Pause Young (Concurrent Start) (Metadata GC Threshold) 44M->27M(512M) 7.292ms
[2020-09-09T09:03:49.954+0000][3.750s] GC(7) User=0.01s Sys=0.01s Real=0.00s
[2020-09-09T09:03:49.954+0000][3.750s] GC(8) Concurrent Cycle
[2020-09-09T09:03:49.954+0000][3.750s] GC(8) Concurrent Clear Claimed Marks
[2020-09-09T09:03:49.954+0000][3.750s] GC(8) Concurrent Clear Claimed Marks 0.050ms
[2020-09-09T09:03:49.954+0000][3.750s] GC(8) Concurrent Scan Root Regions
[2020-09-09T09:03:49.957+0000][3.753s] GC(8) Concurrent Scan Root Regions 3.190ms
[2020-09-09T09:03:49.957+0000][3.753s] GC(8) Concurrent Mark (3.753s)
[2020-09-09T09:03:49.957+0000][3.753s] GC(8) Concurrent Mark From Roots
[2020-09-09T09:03:49.957+0000][3.753s] GC(8) Using 1 workers of 1 for marking
[2020-09-09T09:03:49.986+0000][3.782s] GC(8) Concurrent Mark From Roots 28.496ms
[2020-09-09T09:03:49.986+0000][3.782s] GC(8) Concurrent Preclean
[2020-09-09T09:03:49.986+0000][3.782s] GC(8) Concurrent Preclean 0.199ms
[2020-09-09T09:03:49.986+0000][3.782s] GC(8) Concurrent Mark (3.753s, 3.782s) 28.773ms
[2020-09-09T09:03:49.986+0000][3.782s] GC(8) Pause Remark
[2020-09-09T09:03:49.993+0000][3.789s] GC(8) Cleaned string and symbol table, strings: 16448 processed, 21 removed, symbols: 109948 processed, 50 removed
[2020-09-09T09:03:49.993+0000][3.790s] GC(8) Pause Remark 28M->28M(512M) 7.191ms
[2020-09-09T09:03:49.993+0000][3.790s] GC(8) User=0.01s Sys=0.00s Real=0.00s
[2020-09-09T09:03:49.994+0000][3.790s] GC(8) Concurrent Rebuild Remembered Sets
[2020-09-09T09:03:50.015+0000][3.811s] GC(8) Concurrent Rebuild Remembered Sets 21.489ms
[2020-09-09T09:03:50.015+0000][3.811s] GC(8) Pause Cleanup
[2020-09-09T09:03:50.016+0000][3.812s] GC(8) Pause Cleanup 29M->29M(512M) 0.191ms
[2020-09-09T09:03:50.016+0000][3.812s] GC(8) User=0.00s Sys=0.00s Real=0.00s
[2020-09-09T09:03:50.016+0000][3.812s] GC(8) Concurrent Cleanup for Next Mark
[2020-09-09T09:03:50.016+0000][3.812s] GC(8) Concurrent Cleanup for Next Mark 0.659ms
[2020-09-09T09:03:50.016+0000][3.812s] GC(8) Concurrent Cycle 62.255ms
[2020-09-09T09:03:50.808+0000][4.604s] GC(9) Pause Young (Normal) (G1 Evacuation Pause)
[2020-09-09T09:03:50.808+0000][4.604s] GC(9) Using 2 workers of 2 for evacuation
[2020-09-09T09:03:50.825+0000][4.621s] GC(9)   Pre Evacuate Collection Set: 0.0ms
[2020-09-09T09:03:50.825+0000][4.621s] GC(9)   Evacuate Collection Set: 9.6ms
[2020-09-09T09:03:50.825+0000][4.621s] GC(9)   Post Evacuate Collection Set: 6.8ms
[2020-09-09T09:03:50.825+0000][4.621s] GC(9)   Other: 0.1ms
[2020-09-09T09:03:50.825+0000][4.621s] GC(9) Eden regions: 78->0(105)
[2020-09-09T09:03:50.825+0000][4.621s] GC(9) Survivor regions: 8->6(11)
[2020-09-09T09:03:50.825+0000][4.621s] GC(9) Old regions: 16->20
[2020-09-09T09:03:50.825+0000][4.621s] GC(9) Humongous regions: 4->4
[2020-09-09T09:03:50.825+0000][4.621s] GC(9) Metaspace: 39802K->39802K(1085440K)
[2020-09-09T09:03:50.825+0000][4.621s] GC(9) Pause Young (Normal) (G1 Evacuation Pause) 105M->29M(512M) 16.621ms
[2020-09-09T09:03:50.825+0000][4.621s] GC(9) User=0.04s Sys=0.00s Real=0.02s
[2020-09-09T09:03:51.205+0000][5.001s] GC(10) Pause Young (Normal) (G1 Evacuation Pause)
[2020-09-09T09:03:51.205+0000][5.001s] GC(10) Using 2 workers of 2 for evacuation
[2020-09-09T09:03:51.214+0000][5.011s] GC(10)   Pre Evacuate Collection Set: 0.0ms
[2020-09-09T09:03:51.215+0000][5.011s] GC(10)   Evacuate Collection Set: 8.9ms
[2020-09-09T09:03:51.215+0000][5.011s] GC(10)   Post Evacuate Collection Set: 0.4ms
[2020-09-09T09:03:51.215+0000][5.011s] GC(10)   Other: 0.1ms
[2020-09-09T09:03:51.215+0000][5.011s] GC(10) Eden regions: 105->0(140)
[2020-09-09T09:03:51.215+0000][5.011s] GC(10) Survivor regions: 6->7(14)
[2020-09-09T09:03:51.215+0000][5.011s] GC(10) Old regions: 20->20
[2020-09-09T09:03:51.215+0000][5.011s] GC(10) Humongous regions: 4->4
[2020-09-09T09:03:51.215+0000][5.011s] GC(10) Metaspace: 41892K->41892K(1087488K)
[2020-09-09T09:03:51.215+0000][5.011s] GC(10) Pause Young (Normal) (G1 Evacuation Pause) 134M->30M(512M) 9.448ms
[2020-09-09T09:03:51.215+0000][5.011s] GC(10) User=0.01s Sys=0.01s Real=0.01s
[2020-09-09T09:03:52.130+0000][5.926s] GC(11) Pause Young (Normal) (G1 Evacuation Pause)
[2020-09-09T09:03:52.130+0000][5.926s] GC(11) Using 2 workers of 2 for evacuation
[2020-09-09T09:03:52.148+0000][5.944s] GC(11)   Pre Evacuate Collection Set: 0.0ms
[2020-09-09T09:03:52.148+0000][5.944s] GC(11)   Evacuate Collection Set: 16.9ms
[2020-09-09T09:03:52.148+0000][5.944s] GC(11)   Post Evacuate Collection Set: 0.6ms
[2020-09-09T09:03:52.148+0000][5.944s] GC(11)   Other: 0.2ms
[2020-09-09T09:03:52.148+0000][5.944s] GC(11) Eden regions: 140->0(185)
[2020-09-09T09:03:52.148+0000][5.944s] GC(11) Survivor regions: 7->10(19)
[2020-09-09T09:03:52.148+0000][5.944s] GC(11) Old regions: 20->20
[2020-09-09T09:03:52.148+0000][5.944s] GC(11) Humongous regions: 5->4
[2020-09-09T09:03:52.148+0000][5.944s] GC(11) Metaspace: 48192K->48192K(1093632K)
[2020-09-09T09:03:52.148+0000][5.944s] GC(11) Pause Young (Normal) (G1 Evacuation Pause) 171M->33M(512M) 17.683ms
[2020-09-09T09:03:52.148+0000][5.944s] GC(11) User=0.02s Sys=0.00s Real=0.02s
